// Vitest Snapshot v1, https://vitest.dev/guide/snapshot.html

exports[`UsernameDisplay > should render username 1`] = `
<div>
  <div />
</div>
`;
